// Jest Snapshot v1, https://jestjs.io/docs/snapshot-testing

exports[`API surface snapshots CircuitBreaker stats shape should match snapshot 1`] = `
[
  "circuits",
  "openCircuits",
  "totalCircuits",
]
`;

exports[`API surface snapshots EsiError shape should match snapshot 1`] = `
{
  "methods": [
    "constructor",
    "isForbidden",
    "isNotFound",
    "isRateLimited",
    "isServerError",
    "isTimeout",
    "isUnauthorized",
  ],
  "ownProperties": [
    "message",
    "name",
    "requestId",
    "stack",
    "statusCode",
    "url",
  ],
}
`;

exports[`API surface snapshots RateLimiter status shape should match snapshot 1`] = `
[
  "blockedUntil",
  "errorLimitRemain",
  "errorLimitReset",
  "group",
  "limit",
  "remaining",
  "retryAfter",
  "used",
]
`;

exports[`API surface snapshots public API exports should match snapshot 1`] = `
[
  "AccessListsClient",
  "AllianceClient",
  "ApiClient",
  "ApiClientBuilder",
  "AssetsClient",
  "BaseEsiClient",
  "CalendarClient",
  "CharacterClient",
  "CharacterSkillsClient",
  "CircuitBreaker",
  "CircuitOpenError",
  "ClonesClient",
  "ContactsClient",
  "ContractsClient",
  "CorporationsClient",
  "CustomEsiClient",
  "DogmaClient",
  "ETagCacheManager",
  "EsiApiFactory",
  "EsiClient",
  "EsiClientBuilder",
  "EsiDiagnostics",
  "EsiError",
  "EsiSpec",
  "EsiValidationError",
  "FactionClient",
  "FittingsClient",
  "FleetClient",
  "FreelanceJobsClient",
  "IncursionsClient",
  "IndustryClient",
  "InsuranceClient",
  "KillmailsClient",
  "LocationClient",
  "LoyaltyClient",
  "MailClient",
  "MarketClient",
  "MercenaryClient",
  "MetaClient",
  "PiClient",
  "RateLimiter",
  "RequestDeduplicator",
  "RouteClient",
  "SearchClient",
  "SkyhooksClient",
  "SovereigntyClient",
  "StatusClient",
  "TimeoutError",
  "UiClient",
  "UniverseClient",
  "WalletClient",
  "WarsClient",
  "batchFetch",
  "batchPost",
  "buildEndpointPath",
  "esiEndpointScopes",
  "fetchAllCursorPages",
  "fetchPages",
  "getDefaultClient",
  "isEsiError",
  "isForbidden",
  "isNotFound",
  "isRateLimited",
  "isRetryable",
  "isServerError",
  "isTimeout",
  "isUnauthorized",
  "isValidationError",
  "schemas",
  "setLogger",
]
`;

exports[`API surface snapshots schema exports should match snapshot 1`] = `
[
  "AccessListEntrySchema",
  "AccessListSchema",
  "AgentResearchSchema",
  "AllianceContactLabelSchema",
  "AllianceContactSchema",
  "AllianceIconSchema",
  "AllianceInfoSchema",
  "AncestrySchema",
  "AssetLocationSchema",
  "AssetNameSchema",
  "AsteroidBeltInfoSchema",
  "BloodlineSchema",
  "BlueprintSchema",
  "BulkIdResultSchema",
  "CalendarEventAttendeeSchema",
  "CalendarEventDetailSchema",
  "CalendarEventSchema",
  "CharacterAffiliationSchema",
  "CharacterAssetSchema",
  "CharacterAttributesSchema",
  "CharacterFleetInfoSchema",
  "CharacterFreelanceJobsListingSchema",
  "CharacterInfoSchema",
  "CharacterLocationSchema",
  "CharacterOnlineSchema",
  "CharacterPortraitSchema",
  "CharacterRoleSchema",
  "CharacterShipSchema",
  "CharacterSkillSchema",
  "CharacterSkillsResponseSchema",
  "CharacterTitleSchema",
  "CloneInfoSchema",
  "ColonyLayoutSchema",
  "ConstellationInfoSchema",
  "ContactLabelSchema",
  "ContactNotificationSchema",
  "ContactSchema",
  "ContainerLogSchema",
  "ContractBidSchema",
  "ContractItemSchema",
  "ContractSchema",
  "CorporationAllianceHistorySchema",
  "CorporationDivisionsSchema",
  "CorporationFacilitySchema",
  "CorporationFreelanceJobsListingSchema",
  "CorporationHistorySchema",
  "CorporationIconSchema",
  "CorporationInfoSchema",
  "CorporationIssuedMedalSchema",
  "CorporationMedalSchema",
  "CorporationMemberRoleSchema",
  "CorporationMemberTitleSchema",
  "CorporationMemberTrackingSchema",
  "CorporationRoleHistorySchema",
  "CorporationShareholderSchema",
  "CorporationStandingSchema",
  "CorporationStarbaseDetailSchema",
  "CorporationStarbaseSchema",
  "CorporationStructureSchema",
  "CorporationTitleSchema",
  "CorporationWalletDivisionSchema",
  "CustomsOfficeSchema",
  "DogmaAttributeSchema",
  "DogmaDynamicItemSchema",
  "DogmaEffectSchema",
  "EsiCursorSchema",
  "EsiResponseMetaSchema",
  "FactionSchema",
  "FactionWarfareCharacterStatsSchema",
  "FactionWarfareCorporationStatsSchema",
  "FactionWarfareLeaderboardSchema",
  "FactionWarfareStatsSchema",
  "FactionWarfareSystemSchema",
  "FactionWarfareWarSchema",
  "FittingSchema",
  "FleetInfoSchema",
  "FleetMemberSchema",
  "FleetWingSchema",
  "FreelanceJobDetailSchema",
  "FreelanceJobParticipantSchema",
  "FreelanceJobParticipationSchema",
  "FreelanceJobSummarySchema",
  "FreelanceJobsListingSchema",
  "GraphicInfoSchema",
  "IncursionSchema",
  "IndustryFacilitySchema",
  "IndustryJobSchema",
  "IndustrySystemSchema",
  "InsurancePriceSchema",
  "ItemCategorySchema",
  "ItemGroupSchema",
  "JumpFatigueSchema",
  "KillmailSchema",
  "KillmailSummarySchema",
  "LoyaltyPointsSchema",
  "LoyaltyStoreOfferSchema",
  "MailLabelSchema",
  "MailLabelsResponseSchema",
  "MailMessageSchema",
  "MailingListSchema",
  "MarketGroupSchema",
  "MarketHistorySchema",
  "MarketOrderSchema",
  "MarketPriceSchema",
  "MedalSchema",
  "MercenaryDenSchema",
  "MercenaryTacticalOperationSchema",
  "MiningLedgerEntrySchema",
  "MiningObserverEntrySchema",
  "MiningObserverSchema",
  "MoonExtractionTimerSchema",
  "MoonInfoSchema",
  "NameAndCategorySchema",
  "NotificationSchema",
  "OrbitalSkyhookSchema",
  "PlanetInfoSchema",
  "PlanetaryColonySchema",
  "RaceSchema",
  "RaidableSkyhookSchema",
  "RateLimitMetaSchema",
  "RegionInfoSchema",
  "SchematicInfoSchema",
  "SearchResultSchema",
  "ServerStatusSchema",
  "SkillQueueSchema",
  "SolarSystemInfoSchema",
  "SovereigntyCampaignSchema",
  "SovereigntyHubSchema",
  "SovereigntySystemSchema",
  "SovereigntySystemStructureSchema",
  "StandingSchema",
  "StarInfoSchema",
  "StargateInfoSchema",
  "StationInfoSchema",
  "StructureInfoSchema",
  "SystemJumpSchema",
  "SystemKillSchema",
  "TypeInfoSchema",
  "WalletJournalSchema",
  "WalletTransactionSchema",
  "WarSchema",
  "esiResponse",
]
`;
